// Jest Snapshot v1, https://goo.gl/fbAQLP

exports[`Teleprompter Homepage Found 1`] = `[Function]`;
